// Vitest Snapshot v1

exports[`Button > Button component renders correctly 1`] = `
<button
  className="sc-bcXHqe ggjowu"
>
  xxxx
</button>
`;

exports[`Button > The greetee prop works 1`] = `
<button
  className="sc-bcXHqe ggjowu"
>
  xxxx
</button>
`;
